[bafnd.online/index.html]
[backblue.gif]
[fade.gif]
[index.html]
[bafnd.online/manifest.webmanifest]
[bafnd.online/sw.js]
[bafnd.online/about-us.html]
[bafnd.online/services.html]
[bafnd.online/contact-us.html]
[img1.wsimg.com/blobby/go/328253b7-aa93-490e-afc5-4a6d2f3a7819/gpub/5cbf50477cdb072f/script.js]
[img1.wsimg.com/blobby/go/328253b7-aa93-490e-afc5-4a6d2f3a7819/gpub/9543c6391d3b0b18/script.js]
[img1.wsimg.com/ceph-p3-01/website-builder-data-prod/static/widgets/UX.4.45.5.js]
[img1.wsimg.com/signals/js/clients/tti/tti.min.js]
[bafnd.online/index.html]
[img1.wsimg.com/signals/js/clients/scc-c2/scc-c2.min.js]
[img1.wsimg.com/blobby/go/328253b7-aa93-490e-afc5-4a6d2f3a7819/gpub/863bee3883ec8777/script.js]
[bafnd.online/about-us.html]
[img1.wsimg.com/blobby/go/328253b7-aa93-490e-afc5-4a6d2f3a7819/gpub/35afdf253f1fccfa/script.js]
[img1.wsimg.com/blobby/go/328253b7-aa93-490e-afc5-4a6d2f3a7819/gpub/2cae40136878afc0/script.js]
[img1.wsimg.com/blobby/go/328253b7-aa93-490e-afc5-4a6d2f3a7819/gpub/136af004b3bb09a5/script.js]
[bafnd.online/services.html]
[img1.wsimg.com/blobby/go/328253b7-aa93-490e-afc5-4a6d2f3a7819/gpub/502a4f07b7e9baf5/script.js]
[img1.wsimg.com/blobby/go/328253b7-aa93-490e-afc5-4a6d2f3a7819/gpub/a45c8559aa745544/script.js]
[bafnd.online/contact-us.html]
